/*C13*/SET SCHEMA PUBLIC
DISCONNECT
/*C14*/SET SCHEMA PUBLIC
DISCONNECT
/*C15*/SET SCHEMA PUBLIC
DISCONNECT
/*C16*/SET SCHEMA PUBLIC
DISCONNECT
/*C18*/SET SCHEMA PUBLIC
DELETE FROM PRODUTOS WHERE CODIGO=30
COMMIT
/*C17*/SET SCHEMA PUBLIC
DISCONNECT
/*C19*/SET SCHEMA PUBLIC
DISCONNECT
/*C18*/DISCONNECT
/*C21*/SET SCHEMA PUBLIC
DELETE FROM PRODUTOS WHERE CODIGO=100
COMMIT
/*C20*/SET SCHEMA PUBLIC
DISCONNECT
/*C21*/DISCONNECT
/*C23*/SET SCHEMA PUBLIC
DISCONNECT
